// 同步 ID: 074a3b49 @ Sun Jul 26 10:50:03 UTC 2026
// 同步 ID: 55ff328a @ Sun Jul 26 12:23:20 UTC 2026
// 重构日志: cae995d2
// 重构日志: 37b7d2ad
// 重构日志: 400efa2f
// 重构日志: 8882138e
// 同步 ID: e2fafd1e @ Thu Jul 30 04:42:44 UTC 2026
// 重构日志: 1145c3be
// 重构日志: c05f6c28
// 同步 ID: e8c5a908 @ Thu Jul 30 16:42:32 UTC 2026
// 同步 ID: 176d7317 @ Fri Jul 31 13:46:33 UTC 2026
// 重构日志: d6b33763
// 重构日志: 2a95d491
// 重构日志: 7888713a
// 同步 ID: 24d04143 @ Mon Aug  3 05:24:46 UTC 2026
// 重构日志: 3167ccf3
// 同步 ID: f355afc2 @ Tue Aug  4 02:10:54 UTC 2026
// 同步 ID: e4bcc0be @ Tue Aug  4 11:12:57 UTC 2026
// 重构日志: bc29c75c
// 重构日志: c719685d
// 重构日志: fdfa17d1
// 重构日志: cc520719
// 重构日志: 48f95e60
// 重构日志: 273f1c74
// 同步 ID: feb3815d @ Fri Aug  7 12:27:38 UTC 2026
// 同步 ID: bfdc7e9c @ Fri Aug  7 15:01:03 UTC 2026
// 重构日志: 3f3301c1
// 重构日志: b7123ea3
// 重构日志: 03cda693
// 同步 ID: ed7240e2 @ Sat Aug  8 08:29:05 UTC 2026
// 重构日志: 5410915a
